GH_TUPLE=	\
		Azure:azure-pipeline-go:v0.2.2:azure_azure_pipeline_go/vendor/github.com/Azure/azure-pipeline-go \
		Azure:azure-sdk-for-go:v36.1.0:azure_azure_sdk_for_go/vendor/github.com/Azure/azure-sdk-for-go \
		Azure:azure-storage-blob-go:v0.8.0:azure_azure_storage_blob_go/vendor/github.com/Azure/azure-storage-blob-go \
		Azure:go-autorest:3492b2aff503:azure_go_autorest_autorest/vendor/github.com/Azure/go-autorest \
		Azure:go-autorest:5bd9621f41a0:azure_go_autorest_date \
		Azure:go-autorest:logger/v0.1.0:azure_go_autorest_logger \
		Azure:go-autorest:tracing/v0.5.0:azure_go_autorest_tracing \
		BurntSushi:toml:v0.3.1:burntsushi_toml/vendor/github.com/BurntSushi/toml \
		NYTimes:gziphandler:v1.1.1:nytimes_gziphandler/vendor/github.com/NYTimes/gziphandler \
		PuerkitoBio:purell:v1.1.1:puerkitobio_purell/vendor/github.com/PuerkitoBio/purell \
		PuerkitoBio:urlesc:de5bf2ad4578:puerkitobio_urlesc/vendor/github.com/PuerkitoBio/urlesc \
		alecthomas:kingpin:v2.2.6:alecthomas_kingpin/vendor/gopkg.in/alecthomas/kingpin.v2 \
		alecthomas:template:fb15b899a751:alecthomas_template/vendor/github.com/alecthomas/template \
		alecthomas:units:f65c72e2690d:alecthomas_units/vendor/github.com/alecthomas/units \
		aliyun:aliyun-oss-go-sdk:v2.0.4:aliyun_aliyun_oss_go_sdk/vendor/github.com/aliyun/aliyun-oss-go-sdk \
		armon:go-metrics:v0.3.0:armon_go_metrics/vendor/github.com/armon/go-metrics \
		armon:go-radix:v1.0.0:armon_go_radix/vendor/github.com/armon/go-radix \
		asaskevich:govalidator:f61b66f89f4a:asaskevich_govalidator/vendor/github.com/asaskevich/govalidator \
		aws:aws-sdk-go:v1.25.48:aws_aws_sdk_go/vendor/github.com/aws/aws-sdk-go \
		beorn7:perks:v1.0.1:beorn7_perks/vendor/github.com/beorn7/perks \
		blang:semver:v3.5.0:blang_semver/vendor/github.com/blang/semver \
		bradfitz:gomemcache:a41fca850d0b:bradfitz_gomemcache/vendor/github.com/bradfitz/gomemcache \
		census-instrumentation:opencensus-go:v0.22.2:census_instrumentation_opencensus_go/vendor/go.opencensus.io \
		cespare:xxhash:v1.1.0:cespare_xxhash/vendor/github.com/cespare/xxhash \
		cespare:xxhash:v2.1.1:cespare_xxhash_v2/vendor/github.com/cespare/xxhash/v2 \
		cortexproject:cortex:92ab6cbe0995:cortexproject_cortex/vendor/github.com/cortexproject/cortex \
		davecgh:go-spew:v1.1.1:davecgh_go_spew/vendor/github.com/davecgh/go-spew \
		dgrijalva:jwt-go:v3.2.0:dgrijalva_jwt_go/vendor/github.com/dgrijalva/jwt-go \
		dominikh:go-tools:v0.0.1-2019.2.3:dominikh_go_tools/vendor/honnef.co/go/tools \
		edsrzf:mmap-go:v1.0.0:edsrzf_mmap_go/vendor/github.com/edsrzf/mmap-go \
		elastic:apm-agent-go:v1.5.0:elastic_apm_agent_go/vendor/go.elastic.co/apm \
		elastic:apm-agent-go:v1.5.0:elastic_apm_agent_go_1/vendor/go.elastic.co/apm/module/apmhttp \
		elastic:apm-agent-go:v1.5.0:elastic_apm_agent_go_2/vendor/go.elastic.co/apm/module/apmot \
		elastic:go-fastjson:v1.0.0:elastic_go_fastjson/vendor/go.elastic.co/fastjson \
		elastic:go-sysinfo:v1.1.1:elastic_go_sysinfo/vendor/github.com/elastic/go-sysinfo \
		elastic:go-windows:v1.0.1:elastic_go_windows/vendor/github.com/elastic/go-windows \
		facette:natsort:2cd4dd1e2dcb:facette_natsort/vendor/github.com/facette/natsort \
		fatih:structtag:v1.1.0:fatih_structtag/vendor/github.com/fatih/structtag \
		fortytw2:leaktest:v1.3.0:fortytw2_leaktest/vendor/github.com/fortytw2/leaktest \
		fsnotify:fsnotify:v1.4.7:fsnotify_fsnotify/vendor/github.com/fsnotify/fsnotify \
		go-inf:inf:v0.9.1:go_inf_inf/vendor/gopkg.in/inf.v0 \
		go-ini:ini:v1.51.0:go_ini_ini/vendor/gopkg.in/ini.v1 \
		go-kit:kit:v0.9.0:go_kit_kit/vendor/github.com/go-kit/kit \
		go-logfmt:logfmt:v0.4.0:go_logfmt_logfmt/vendor/github.com/go-logfmt/logfmt \
		go-openapi:analysis:v0.19.2:go_openapi_analysis/vendor/github.com/go-openapi/analysis \
		go-openapi:errors:v0.19.2:go_openapi_errors/vendor/github.com/go-openapi/errors \
		go-openapi:jsonpointer:v0.19.2:go_openapi_jsonpointer/vendor/github.com/go-openapi/jsonpointer \
		go-openapi:jsonreference:v0.19.2:go_openapi_jsonreference/vendor/github.com/go-openapi/jsonreference \
		go-openapi:loads:v0.19.2:go_openapi_loads/vendor/github.com/go-openapi/loads \
		go-openapi:runtime:v0.19.4:go_openapi_runtime/vendor/github.com/go-openapi/runtime \
		go-openapi:spec:v0.19.2:go_openapi_spec/vendor/github.com/go-openapi/spec \
		go-openapi:strfmt:v0.19.2:go_openapi_strfmt/vendor/github.com/go-openapi/strfmt \
		go-openapi:swag:v0.19.5:go_openapi_swag/vendor/github.com/go-openapi/swag \
		go-openapi:validate:v0.19.2:go_openapi_validate/vendor/github.com/go-openapi/validate \
		go-stack:stack:v1.8.0:go_stack_stack/vendor/github.com/go-stack/stack \
		go-yaml:yaml:v2.2.7:go_yaml_yaml/vendor/gopkg.in/yaml.v2 \
		gogo:googleapis:v1.1.0:gogo_googleapis/vendor/github.com/gogo/googleapis \
		gogo:protobuf:v1.3.1:gogo_protobuf/vendor/github.com/gogo/protobuf \
		gogo:status:v1.0.3:gogo_status/vendor/github.com/gogo/status \
		golang:appengine:v1.6.5:golang_appengine/vendor/google.golang.org/appengine \
		golang:crypto:e1110fd1c708:golang_crypto/vendor/golang.org/x/crypto \
		golang:exp:a1ab85dbe136:golang_exp/vendor/golang.org/x/exp \
		golang:groupcache:611e8accdfc9:golang_groupcache/vendor/github.com/golang/groupcache \
		golang:lint:16217165b5de:golang_lint/vendor/golang.org/x/lint \
		golang:mod:v0.2.0:golang_mod/vendor/golang.org/x/mod \
		golang:net:0de0cce0169b:golang_net/vendor/golang.org/x/net \
		golang:oauth2:0f29369cfe45:golang_oauth2/vendor/golang.org/x/oauth2 \
		golang:protobuf:v1.3.2:golang_protobuf/vendor/github.com/golang/protobuf \
		golang:snappy:v0.0.1:golang_snappy/vendor/github.com/golang/snappy \
		golang:sync:cd5d95a43a6e:golang_sync/vendor/golang.org/x/sync \
		golang:sys:e047566fdf82:golang_sys/vendor/golang.org/x/sys \
		golang:text:v0.3.2:golang_text/vendor/golang.org/x/text \
		golang:time:555d28b269f0:golang_time/vendor/golang.org/x/time \
		golang:tools:51e69f71924f:golang_tools/vendor/golang.org/x/tools \
		golang:xerrors:9bdfabe68543:golang_xerrors/vendor/golang.org/x/xerrors \
		google:go-cmp:v0.4.0:google_go_cmp/vendor/github.com/google/go-cmp \
		google:go-genproto:c23dd37a84c9:google_go_genproto/vendor/google.golang.org/genproto \
		google:go-querystring:v1.0.0:google_go_querystring/vendor/github.com/google/go-querystring \
		google:gofuzz:v1.0.0:google_gofuzz/vendor/github.com/google/gofuzz \
		googleapis:gax-go:v2.0.2:googleapis_gax_go/vendor/github.com/googleapis/gax-go \
		googleapis:gax-go:v2.0.5:googleapis_gax_go_v2 \
		googleapis:gnostic:v0.3.1:googleapis_gnostic/vendor/github.com/googleapis/gnostic \
		googleapis:google-api-go-client:v0.14.0:googleapis_google_api_go_client/vendor/google.golang.org/api \
		googleapis:google-cloud-go:storage/v1.3.0:googleapis_google_cloud_go_storage \
		googleapis:google-cloud-go:v0.49.0:googleapis_google_cloud_go/vendor/cloud.google.com/go \
		gophercloud:gophercloud:v0.6.0:gophercloud_gophercloud/vendor/github.com/gophercloud/gophercloud \
		gorilla:mux:v1.7.1:gorilla_mux/vendor/github.com/gorilla/mux \
		grpc-ecosystem:go-grpc-middleware:v1.1.0:grpc_ecosystem_go_grpc_middleware/vendor/github.com/grpc-ecosystem/go-grpc-middleware \
		grpc-ecosystem:go-grpc-prometheus:v1.2.0:grpc_ecosystem_go_grpc_prometheus/vendor/github.com/grpc-ecosystem/go-grpc-prometheus \
		grpc-ecosystem:grpc-gateway:v1.12.1:grpc_ecosystem_grpc_gateway/vendor/github.com/grpc-ecosystem/grpc-gateway \
		grpc:grpc-go:v1.25.1:grpc_grpc_go/vendor/google.golang.org/grpc \
		hashicorp:consul:v1.3.0:hashicorp_consul_api/vendor/github.com/hashicorp/consul \
		hashicorp:go-cleanhttp:v0.5.1:hashicorp_go_cleanhttp/vendor/github.com/hashicorp/go-cleanhttp \
		hashicorp:go-immutable-radix:v1.1.0:hashicorp_go_immutable_radix/vendor/github.com/hashicorp/go-immutable-radix \
		hashicorp:go-rootcerts:v1.0.1:hashicorp_go_rootcerts/vendor/github.com/hashicorp/go-rootcerts \
		hashicorp:golang-lru:v0.5.3:hashicorp_golang_lru/vendor/github.com/hashicorp/golang-lru \
		hashicorp:serf:v0.8.5:hashicorp_serf/vendor/github.com/hashicorp/serf \
		jmespath:go-jmespath:c2b33e8439af:jmespath_go_jmespath/vendor/github.com/jmespath/go-jmespath \
		joeshaw:multierror:69b34d4ec901:joeshaw_multierror/vendor/github.com/joeshaw/multierror \
		jpillora:backoff:v1.0.0:jpillora_backoff/vendor/github.com/jpillora/backoff \
		json-iterator:go:v1.1.9:json_iterator_go/vendor/github.com/json-iterator/go \
		jstemmer:go-junit-report:v0.9.1:jstemmer_go_junit_report/vendor/github.com/jstemmer/go-junit-report \
		julienschmidt:httprouter:v1.3.0:julienschmidt_httprouter/vendor/github.com/julienschmidt/httprouter \
		konsorten:go-windows-terminal-sequences:v1.0.2:konsorten_go_windows_terminal_sequences/vendor/github.com/konsorten/go-windows-terminal-sequences \
		kr:logfmt:b84e30acd515:kr_logfmt/vendor/github.com/kr/logfmt \
		kubernetes-sigs:yaml:v1.1.0:kubernetes_sigs_yaml/vendor/sigs.k8s.io/yaml \
		kubernetes:api:7cf5895f2711:kubernetes_api/vendor/k8s.io/api \
		kubernetes:apimachinery:1799e75a0719:kubernetes_apimachinery/vendor/k8s.io/apimachinery \
		kubernetes:client-go:78d2af792bab:kubernetes_client_go/vendor/k8s.io/client-go \
		kubernetes:klog:v0.3.1:kubernetes_klog/vendor/k8s.io/klog \
		kubernetes:utils:6ca3b61696b6:kubernetes_utils/vendor/k8s.io/utils \
		leanovate:gopter:v0.2.4:leanovate_gopter/vendor/github.com/leanovate/gopter \
		lightstep:lightstep-tracer-common:bc2310a04743:lightstep_lightstep_tracer_common_gogo/vendor/github.com/lightstep/lightstep-tracer-common \
		lightstep:lightstep-tracer-go:v0.18.0:lightstep_lightstep_tracer_go/vendor/github.com/lightstep/lightstep-tracer-go \
		lovoo:gcloud-opentracing:v0.3.0:lovoo_gcloud_opentracing/vendor/github.com/lovoo/gcloud-opentracing \
		mailru:easyjson:94de47d64c63:mailru_easyjson/vendor/github.com/mailru/easyjson \
		mattn:go-ieproxy:7c0f6868bffe:mattn_go_ieproxy/vendor/github.com/mattn/go-ieproxy \
		mattn:go-runewidth:v0.0.6:mattn_go_runewidth/vendor/github.com/mattn/go-runewidth \
		matttproud:golang_protobuf_extensions:v1.0.1:matttproud_golang_protobuf_extensions/vendor/github.com/matttproud/golang_protobuf_extensions \
		miekg:dns:v1.1.22:miekg_dns/vendor/github.com/miekg/dns \
		minio:minio-go:v6.0.49:minio_minio_go_v6/vendor/github.com/minio/minio-go/v6 \
		minio:sha256-simd:v0.1.1:minio_sha256_simd/vendor/github.com/minio/sha256-simd \
		mitchellh:go-homedir:v1.1.0:mitchellh_go_homedir/vendor/github.com/mitchellh/go-homedir \
		mitchellh:mapstructure:v1.1.2:mitchellh_mapstructure/vendor/github.com/mitchellh/mapstructure \
		modern-go:concurrent:bacd9c7ef1dd:modern_go_concurrent/vendor/github.com/modern-go/concurrent \
		modern-go:reflect2:v1.0.1:modern_go_reflect2/vendor/github.com/modern-go/reflect2 \
		mongodb:mongo-go-driver:v1.1.0:mongodb_mongo_go_driver/vendor/go.mongodb.org/mongo-driver \
		mozillazg:go-cos:v0.13.0:mozillazg_go_cos/vendor/github.com/mozillazg/go-cos \
		mozillazg:go-httpheader:v0.2.1:mozillazg_go_httpheader/vendor/github.com/mozillazg/go-httpheader \
		mwitkow:go-conntrack:2f068394615f:mwitkow_go_conntrack/vendor/github.com/mwitkow/go-conntrack \
		oklog:run:v1.0.0:oklog_run/vendor/github.com/oklog/run \
		oklog:ulid:v1.3.1:oklog_ulid/vendor/github.com/oklog/ulid \
		olekukonko:tablewriter:v0.0.2:olekukonko_tablewriter/vendor/github.com/olekukonko/tablewriter \
		opentracing-contrib:go-grpc:4b5a12d3ff02:opentracing_contrib_go_grpc/vendor/github.com/opentracing-contrib/go-grpc \
		opentracing-contrib:go-stdlib:cf7a6c988dc9:opentracing_contrib_go_stdlib/vendor/github.com/opentracing-contrib/go-stdlib \
		opentracing:basictracer-go:v1.0.0:opentracing_basictracer_go/vendor/github.com/opentracing/basictracer-go \
		opentracing:opentracing-go:2876d2018785:opentracing_opentracing_go/vendor/github.com/opentracing/opentracing-go \
		pkg:errors:v0.9.1:pkg_errors/vendor/github.com/pkg/errors \
		pmezard:go-difflib:v1.0.0:pmezard_go_difflib/vendor/github.com/pmezard/go-difflib \
		prometheus:alertmanager:v0.20.0:prometheus_alertmanager/vendor/github.com/prometheus/alertmanager \
		prometheus:client_golang:v1.5.0:prometheus_client_golang/vendor/github.com/prometheus/client_golang \
		prometheus:client_model:v0.2.0:prometheus_client_model/vendor/github.com/prometheus/client_model \
		prometheus:common:v0.9.1:prometheus_common/vendor/github.com/prometheus/common \
		prometheus:procfs:v0.0.8:prometheus_procfs/vendor/github.com/prometheus/procfs \
		prometheus:prometheus:1e64d757f711:prometheus_prometheus/vendor/github.com/prometheus/prometheus \
		samuel:go-zookeeper:2cc03de413da:samuel_go_zookeeper/vendor/github.com/samuel/go-zookeeper \
		santhosh-tekuri:jsonschema:v1.2.4:santhosh_tekuri_jsonschema/vendor/github.com/santhosh-tekuri/jsonschema \
		sercand:kuberesolver:v2.1.0:sercand_kuberesolver/vendor/github.com/sercand/kuberesolver \
		sirupsen:logrus:v1.4.2:sirupsen_logrus/vendor/github.com/sirupsen/logrus \
		uber-go:atomic:v1.5.0:uber_go_atomic/vendor/go.uber.org/atomic \
		uber-go:automaxprocs:v1.2.0:uber_go_automaxprocs/vendor/go.uber.org/automaxprocs \
		uber:jaeger-client-go:v2.20.1:uber_jaeger_client_go/vendor/github.com/uber/jaeger-client-go \
		uber:jaeger-lib:v2.2.0:uber_jaeger_lib/vendor/github.com/uber/jaeger-lib \
		weaveworks:common:760e36ae819a:weaveworks_common/vendor/github.com/weaveworks/common \
		weaveworks:promrus:v1.2.0:weaveworks_promrus/vendor/github.com/weaveworks/promrus

GL_TUPLE=	https://gitlab.howett.net:go:plist:591f970eefbbeb04d7b37f334a0c4c3256e32876:go_plist/vendor/howett.net/plist

post-extract:
	@${RM} -r ${WRKSRC}/vendor/cloud.google.com/go/storage
	@${RLN} ${WRKSRC_googleapis_google_cloud_go_storage}/storage ${WRKSRC}/vendor/cloud.google.com/go/storage
	@${RM} -r ${WRKSRC}/vendor/github.com/Azure/go-autorest/autorest/date
	@${RLN} ${WRKSRC_azure_go_autorest_date}/autorest/date ${WRKSRC}/vendor/github.com/Azure/go-autorest/autorest/date
	@${RM} -r ${WRKSRC}/vendor/github.com/Azure/go-autorest/logger
	@${RLN} ${WRKSRC_azure_go_autorest_logger}/logger ${WRKSRC}/vendor/github.com/Azure/go-autorest/logger
	@${RM} -r ${WRKSRC}/vendor/github.com/Azure/go-autorest/tracing
	@${RLN} ${WRKSRC_azure_go_autorest_tracing}/tracing ${WRKSRC}/vendor/github.com/Azure/go-autorest/tracing
	@${RM} -r ${WRKSRC}/vendor/github.com/googleapis/gax-go/v2
	@${RLN} ${WRKSRC_googleapis_gax_go_v2}/v2 ${WRKSRC}/vendor/github.com/googleapis/gax-go/v2
	@${MKDIR} ${WRKSRC}/vendor/gopkg.in
	@${RLN} ${WRKSRC_fsnotify_fsnotify} ${WRKSRC}/vendor/gopkg.in/fsnotify.v1
	@${MKDIR} ${WRKSRC}/vendor/gopkg.in/fsnotify
	@${RLN} ${WRKSRC_fsnotify_fsnotify} ${WRKSRC}/vendor/gopkg.in/fsnotify/fsnotify.v1
