GH_TUPLE=	\
		Azure:azure-sdk-for-go:v36.2.0:azure_azure_sdk_for_go/vendor/github.com/Azure/azure-sdk-for-go \
		Azure:go-ansiterm:d6e3b3328b78:azure_go_ansiterm/vendor/github.com/Azure/go-ansiterm \
		Azure:go-autorest:5bd9621f41a0:azure_go_autorest_date/vendor/github.com/Azure/go-autorest \
		Azure:go-autorest:7fcf7bf4a585:azure_go_autorest_auth \
		Azure:go-autorest:autorest/v0.9.2:azure_go_autorest_autorest \
		Azure:go-autorest:b72636a78a83:azure_go_autorest_cli \
		Azure:go-autorest:fa2154f3dfe4:azure_go_autorest_adal \
		Azure:go-autorest:logger/v0.1.0:azure_go_autorest_logger \
		Azure:go-autorest:tracing/v0.5.0:azure_go_autorest_tracing \
		BurntSushi:toml:v0.3.1:burntsushi_toml/vendor/github.com/BurntSushi/toml \
		DataDog:datadog-go:v3.2.0:datadog_datadog_go/vendor/github.com/DataDog/datadog-go \
		DataDog:zstd:v1.4.4:datadog_zstd/vendor/github.com/DataDog/zstd \
		Jeffail:gabs:v1.1.1:jeffail_gabs/vendor/github.com/Jeffail/gabs \
		Masterminds:semver:v1.4.2:masterminds_semver/vendor/github.com/Masterminds/semver \
		Microsoft:go-winio:v0.4.13:microsoft_go_winio/vendor/github.com/Microsoft/go-winio \
		NYTimes:gziphandler:v1.1.1:nytimes_gziphandler/vendor/github.com/NYTimes/gziphandler \
		Nvveen:Gotty:cd527374f1e5:nvveen_gotty/vendor/github.com/Nvveen/Gotty \
		SAP:go-hdb:v0.14.1:sap_go_hdb/vendor/github.com/SAP/go-hdb \
		Sectorbob:mlab-ns2:d3aa0c295a8a:sectorbob_mlab_ns2/vendor/github.com/Sectorbob/mlab-ns2 \
		StackExchange:wmi:5d049714c4a6:stackexchange_wmi/vendor/github.com/StackExchange/wmi \
		aliyun:alibaba-cloud-sdk-go:9418d7b0cd0f:aliyun_alibaba_cloud_sdk_go/vendor/github.com/aliyun/alibaba-cloud-sdk-go \
		aliyun:aliyun-oss-go-sdk:86c17b95fcd5:aliyun_aliyun_oss_go_sdk/vendor/github.com/aliyun/aliyun-oss-go-sdk \
		apple:foundationdb:cd5c9d91fad2:apple_foundationdb_go/vendor/github.com/apple/foundationdb \
		armon:go-metrics:v0.3.3:armon_go_metrics/vendor/github.com/armon/go-metrics \
		armon:go-proxyproto:68259f75880e:armon_go_proxyproto/vendor/github.com/armon/go-proxyproto \
		armon:go-radix:v1.0.0:armon_go_radix/vendor/github.com/armon/go-radix \
		asaskevich:govalidator:f9ffefc3facf:asaskevich_govalidator/vendor/github.com/asaskevich/govalidator \
		aws:aws-sdk-go:v1.25.41:aws_aws_sdk_go/vendor/github.com/aws/aws-sdk-go \
		beorn7:perks:v1.0.1:beorn7_perks/vendor/github.com/beorn7/perks \
		bgentry:speakeasy:v0.1.0:bgentry_speakeasy/vendor/github.com/bgentry/speakeasy \
		boombuler:barcode:6c824513bacc:boombuler_barcode/vendor/github.com/boombuler/barcode \
		briankassouf:jose:d2569464773f:briankassouf_jose/vendor/github.com/briankassouf/jose \
		cenkalti:backoff:v2.2.1:cenkalti_backoff/vendor/github.com/cenkalti/backoff \
		census-instrumentation:opencensus-go:v0.21.0:census_instrumentation_opencensus_go/vendor/go.opencensus.io \
		centrify:cloud-golang-sdk:119110094d0f:centrify_cloud_golang_sdk/vendor/github.com/centrify/cloud-golang-sdk \
		cespare:xxhash:v2.1.1:cespare_xxhash_v2/vendor/github.com/cespare/xxhash/v2 \
		chrismalek:oktasdk-go:3430665dfaa0:chrismalek_oktasdk_go/vendor/github.com/chrismalek/oktasdk-go \
		circonus-labs:circonus-gometrics:v2.3.1:circonus_labs_circonus_gometrics/vendor/github.com/circonus-labs/circonus-gometrics \
		circonus-labs:circonusllhist:v0.1.3:circonus_labs_circonusllhist/vendor/github.com/circonus-labs/circonusllhist \
		cloudfoundry-community:go-cfclient:f136f9222381:cloudfoundry_community_go_cfclient/vendor/github.com/cloudfoundry-community/go-cfclient \
		cloudfoundry:gofileutils:4d0c80011a0f:cloudfoundry_gofileutils/vendor/code.cloudfoundry.org/gofileutils \
		cockroachdb:cockroach-go:e0a95dfd547c:cockroachdb_cockroach_go/vendor/github.com/cockroachdb/cockroach-go \
		containerd:continuity:aaeac12a7ffc:containerd_continuity/vendor/github.com/containerd/continuity \
		coreos:go-oidc:v2.1.0:coreos_go_oidc/vendor/github.com/coreos/go-oidc \
		coreos:go-semver:v0.2.0:coreos_go_semver/vendor/github.com/coreos/go-semver \
		coreos:go-systemd:39ca1b05acc7:coreos_go_systemd/vendor/github.com/coreos/go-systemd \
		coreos:pkg:3ac0863d7acf:coreos_pkg/vendor/github.com/coreos/pkg \
		davecgh:go-spew:v1.1.1:davecgh_go_spew/vendor/github.com/davecgh/go-spew \
		denisenkom:go-mssqldb:3b1d194e553a:denisenkom_go_mssqldb/vendor/github.com/denisenkom/go-mssqldb \
		dgrijalva:jwt-go:v3.2.0:dgrijalva_jwt_go/vendor/github.com/dgrijalva/jwt-go \
		dimchansky:utfbom:v1.1.0:dimchansky_utfbom/vendor/github.com/dimchansky/utfbom \
		docker:go-connections:v0.4.0:docker_go_connections/vendor/github.com/docker/go-connections \
		docker:go-units:v0.4.0:docker_go_units/vendor/github.com/docker/go-units \
		dsnet:compress:v0.0.1:dsnet_compress/vendor/github.com/dsnet/compress \
		duosecurity:duo_api_golang:6c680f768e74:duosecurity_duo_api_golang/vendor/github.com/duosecurity/duo_api_golang \
		elazarl:go-bindata-assetfs:v1.0.0:elazarl_go_bindata_assetfs/vendor/github.com/elazarl/go-bindata-assetfs \
		etcd-io:bbolt:v1.3.3:etcd_io_bbolt/vendor/go.etcd.io/bbolt \
		etcd-io:etcd:3cf2f69b5738:etcd_io_etcd/vendor/go.etcd.io/etcd \
		fatih:color:v1.7.0:fatih_color/vendor/github.com/fatih/color \
		fatih:structs:v1.1.0:fatih_structs/vendor/github.com/fatih/structs \
		fullsailor:pkcs7:d7302db945fa:fullsailor_pkcs7/vendor/github.com/fullsailor/pkcs7 \
		gammazero:deque:2afb3858e9c7:gammazero_deque/vendor/github.com/gammazero/deque \
		gammazero:workerpool:88d534f22b56:gammazero_workerpool/vendor/github.com/gammazero/workerpool \
		ghodss:yaml:25d852aebe32:ghodss_yaml/vendor/github.com/ghodss/yaml \
		go-asn1-ber:asn1-ber:v1.3.1:go_asn1_ber_asn1_ber/vendor/github.com/go-asn1-ber/asn1-ber \
		go-errors:errors:v1.0.1:go_errors_errors/vendor/github.com/go-errors/errors \
		go-inf:inf:v0.9.1:go_inf_inf/vendor/gopkg.in/inf.v0 \
		go-ini:ini:v1.42.0:go_ini_ini/vendor/gopkg.in/ini.v1 \
		go-ldap:ldap:v3.1.3:go_ldap_ldap_v3/vendor/github.com/go-ldap/ldap/v3 \
		go-mgo:mgo:9856a29383ce:go_mgo_mgo/vendor/gopkg.in/mgo.v2 \
		go-ole:go-ole:v1.2.1:go_ole_go_ole/vendor/github.com/go-ole/go-ole \
		go-sql-driver:mysql:v1.4.1:go_sql_driver_mysql/vendor/github.com/go-sql-driver/mysql \
		go-stack:stack:v1.8.0:go_stack_stack/vendor/github.com/go-stack/stack \
		go-test:deep:v1.0.2:go_test_deep/vendor/github.com/go-test/deep \
		go-yaml:yaml:v2.1.0:go_yaml_yaml/vendor/github.com/go-yaml/yaml \
		go-yaml:yaml:v2.2.5:go_yaml_yaml_1/vendor/gopkg.in/yaml.v2 \
		gocql:gocql:0e1d5de854df:gocql_gocql/vendor/github.com/gocql/gocql \
		gogo:protobuf:v1.2.1:gogo_protobuf/vendor/github.com/gogo/protobuf \
		golang:appengine:v1.6.0:golang_appengine/vendor/google.golang.org/appengine \
		golang:crypto:530e935923ad:golang_crypto/vendor/golang.org/x/crypto \
		golang:net:6afb5195e5aa:golang_net/vendor/golang.org/x/net \
		golang:oauth2:0f29369cfe45:golang_oauth2/vendor/golang.org/x/oauth2 \
		golang:protobuf:v1.3.2:golang_protobuf/vendor/github.com/golang/protobuf \
		golang:snappy:v0.0.1:golang_snappy/vendor/github.com/golang/snappy \
		golang:sync:cd5d95a43a6e:golang_sync/vendor/golang.org/x/sync \
		golang:sys:e047566fdf82:golang_sys/vendor/golang.org/x/sys \
		golang:text:v0.3.2:golang_text/vendor/golang.org/x/text \
		golang:time:9d24e82272b4:golang_time/vendor/golang.org/x/time \
		google:go-genproto:fa694d86fc64:google_go_genproto/vendor/google.golang.org/genproto \
		google:go-github:v17.0.0:google_go_github/vendor/github.com/google/go-github \
		google:go-metrics-stackdriver:v0.2.0:google_go_metrics_stackdriver/vendor/github.com/google/go-metrics-stackdriver \
		google:go-querystring:v1.0.0:google_go_querystring/vendor/github.com/google/go-querystring \
		google:gofuzz:v1.0.0:google_gofuzz/vendor/github.com/google/gofuzz \
		google:uuid:v1.0.0:google_uuid/vendor/github.com/google/uuid \
		googleapis:gax-go:v2.0.5:googleapis_gax_go_v2/vendor/github.com/googleapis/gax-go \
		googleapis:google-api-go-client:v0.14.0:googleapis_google_api_go_client/vendor/google.golang.org/api \
		googleapis:google-cloud-go:v0.39.0:googleapis_google_cloud_go/vendor/cloud.google.com/go \
		gorhill:cronexpr:88b0669f7d75:gorhill_cronexpr/vendor/github.com/gorhill/cronexpr \
		gorilla:websocket:v1.4.1:gorilla_websocket/vendor/github.com/gorilla/websocket \
		grpc:grpc-go:v1.23.1:grpc_grpc_go/vendor/google.golang.org/grpc \
		hailocab:go-hostpool:e80d13ce29ed:hailocab_go_hostpool/vendor/github.com/hailocab/go-hostpool \
		hashicorp:consul-template:v0.22.0:hashicorp_consul_template/vendor/github.com/hashicorp/consul-template \
		hashicorp:consul:6681be918a6e:hashicorp_consul_api/vendor/github.com/hashicorp/consul \
		hashicorp:errwrap:v1.0.0:hashicorp_errwrap/vendor/github.com/hashicorp/errwrap \
		hashicorp:go-cleanhttp:v0.5.1:hashicorp_go_cleanhttp/vendor/github.com/hashicorp/go-cleanhttp \
		hashicorp:go-gcp-common:v0.6.0:hashicorp_go_gcp_common/vendor/github.com/hashicorp/go-gcp-common \
		hashicorp:go-hclog:v0.12.0:hashicorp_go_hclog/vendor/github.com/hashicorp/go-hclog \
		hashicorp:go-immutable-radix:v1.1.0:hashicorp_go_immutable_radix/vendor/github.com/hashicorp/go-immutable-radix \
		hashicorp:go-kms-wrapping:entropy/v0.1.0:hashicorp_go_kms_wrapping_entropy \
		hashicorp:go-kms-wrapping:v0.5.1:hashicorp_go_kms_wrapping/vendor/github.com/hashicorp/go-kms-wrapping \
		hashicorp:go-memdb:v1.0.2:hashicorp_go_memdb/vendor/github.com/hashicorp/go-memdb \
		hashicorp:go-msgpack:v0.5.5:hashicorp_go_msgpack/vendor/github.com/hashicorp/go-msgpack \
		hashicorp:go-multierror:v1.0.0:hashicorp_go_multierror/vendor/github.com/hashicorp/go-multierror \
		hashicorp:go-plugin:v1.0.1:hashicorp_go_plugin/vendor/github.com/hashicorp/go-plugin \
		hashicorp:go-raftchunking:7e9e8525653a:hashicorp_go_raftchunking/vendor/github.com/hashicorp/go-raftchunking \
		hashicorp:go-retryablehttp:v0.6.2:hashicorp_go_retryablehttp/vendor/github.com/hashicorp/go-retryablehttp \
		hashicorp:go-rootcerts:v1.0.2:hashicorp_go_rootcerts/vendor/github.com/hashicorp/go-rootcerts \
		hashicorp:go-sockaddr:v1.0.2:hashicorp_go_sockaddr/vendor/github.com/hashicorp/go-sockaddr \
		hashicorp:go-syslog:v1.0.0:hashicorp_go_syslog/vendor/github.com/hashicorp/go-syslog \
		hashicorp:go-uuid:v1.0.2:hashicorp_go_uuid/vendor/github.com/hashicorp/go-uuid \
		hashicorp:go-version:v1.2.0:hashicorp_go_version/vendor/github.com/hashicorp/go-version \
		hashicorp:golang-lru:v0.5.3:hashicorp_golang_lru/vendor/github.com/hashicorp/golang-lru \
		hashicorp:hcl:v1.0.0:hashicorp_hcl/vendor/github.com/hashicorp/hcl \
		hashicorp:logutils:v1.0.0:hashicorp_logutils/vendor/github.com/hashicorp/logutils \
		hashicorp:nomad:edc62acd919d:hashicorp_nomad_api/vendor/github.com/hashicorp/nomad \
		hashicorp:raft-snapshot:8117efcc5aab:hashicorp_raft_snapshot/vendor/github.com/hashicorp/raft-snapshot \
		hashicorp:raft:9c6bd3e3eb17:hashicorp_raft/vendor/github.com/hashicorp/raft \
		hashicorp:serf:v0.8.3:hashicorp_serf/vendor/github.com/hashicorp/serf \
		hashicorp:vault-plugin-auth-alicloud:v0.5.4-beta1:hashicorp_vault_plugin_auth_alicloud/vendor/github.com/hashicorp/vault-plugin-auth-alicloud \
		hashicorp:vault-plugin-auth-azure:v0.5.4-beta1:hashicorp_vault_plugin_auth_azure/vendor/github.com/hashicorp/vault-plugin-auth-azure \
		hashicorp:vault-plugin-auth-centrify:v0.5.4-beta1:hashicorp_vault_plugin_auth_centrify/vendor/github.com/hashicorp/vault-plugin-auth-centrify \
		hashicorp:vault-plugin-auth-cf:v0.5.3-beta1:hashicorp_vault_plugin_auth_cf/vendor/github.com/hashicorp/vault-plugin-auth-cf \
		hashicorp:vault-plugin-auth-gcp:v0.6.0-beta1:hashicorp_vault_plugin_auth_gcp/vendor/github.com/hashicorp/vault-plugin-auth-gcp \
		hashicorp:vault-plugin-auth-jwt:v0.6.0-beta1:hashicorp_vault_plugin_auth_jwt/vendor/github.com/hashicorp/vault-plugin-auth-jwt \
		hashicorp:vault-plugin-auth-kerberos:v0.1.4-beta1:hashicorp_vault_plugin_auth_kerberos/vendor/github.com/hashicorp/vault-plugin-auth-kerberos \
		hashicorp:vault-plugin-auth-kubernetes:v0.6.0-beta1:hashicorp_vault_plugin_auth_kubernetes/vendor/github.com/hashicorp/vault-plugin-auth-kubernetes \
		hashicorp:vault-plugin-auth-oci:v0.5.3-beta1:hashicorp_vault_plugin_auth_oci/vendor/github.com/hashicorp/vault-plugin-auth-oci \
		hashicorp:vault-plugin-database-elasticsearch:v0.5.3-beta1:hashicorp_vault_plugin_database_elasticsearch/vendor/github.com/hashicorp/vault-plugin-database-elasticsearch \
		hashicorp:vault-plugin-database-mongodbatlas:v0.1.0-beta1:hashicorp_vault_plugin_database_mongodbatlas/vendor/github.com/hashicorp/vault-plugin-database-mongodbatlas \
		hashicorp:vault-plugin-secrets-ad:v0.6.4-beta1:hashicorp_vault_plugin_secrets_ad/vendor/github.com/hashicorp/vault-plugin-secrets-ad \
		hashicorp:vault-plugin-secrets-alicloud:v0.5.4-beta1:hashicorp_vault_plugin_secrets_alicloud/vendor/github.com/hashicorp/vault-plugin-secrets-alicloud \
		hashicorp:vault-plugin-secrets-azure:v0.5.5-beta1:hashicorp_vault_plugin_secrets_azure/vendor/github.com/hashicorp/vault-plugin-secrets-azure \
		hashicorp:vault-plugin-secrets-gcp:v0.6.0-beta1:hashicorp_vault_plugin_secrets_gcp/vendor/github.com/hashicorp/vault-plugin-secrets-gcp \
		hashicorp:vault-plugin-secrets-gcpkms:v0.5.4-beta1:hashicorp_vault_plugin_secrets_gcpkms/vendor/github.com/hashicorp/vault-plugin-secrets-gcpkms \
		hashicorp:vault-plugin-secrets-kv:v0.5.4-beta1:hashicorp_vault_plugin_secrets_kv/vendor/github.com/hashicorp/vault-plugin-secrets-kv \
		hashicorp:vault-plugin-secrets-mongodbatlas:v0.1.1:hashicorp_vault_plugin_secrets_mongodbatlas/vendor/github.com/hashicorp/vault-plugin-secrets-mongodbatlas \
		hashicorp:vault-plugin-secrets-openldap:e7553b03b931:hashicorp_vault_plugin_secrets_openldap/vendor/github.com/hashicorp/vault-plugin-secrets-openldap \
		hashicorp:vault:03a3749f220d:hashicorp_vault_sdk/github.com/hashicorp/vault \
		hashicorp:vault:f6547fa8e820:hashicorp_vault_api \
		hashicorp:yamux:2f1d1f20f75d:hashicorp_yamux/vendor/github.com/hashicorp/yamux \
		influxdata:influxdb:d24b7ba8c4c4:influxdata_influxdb/vendor/github.com/influxdata/influxdb \
		jackc:pgx:v3.3.0:jackc_pgx/vendor/github.com/jackc/pgx \
		jcmturner:aescts:v1.0.1:jcmturner_aescts/vendor/github.com/jcmturner/aescts \
		jcmturner:dnsutils:v1.0.1:jcmturner_dnsutils/vendor/github.com/jcmturner/dnsutils \
		jcmturner:gofork:v1.0.0:jcmturner_gofork/vendor/github.com/jcmturner/gofork \
		jcmturner:goidentity:v3.0.0:jcmturner_goidentity/vendor/gopkg.in/jcmturner/goidentity.v3 \
		jcmturner:goidentity:v6.0.1:jcmturner_goidentity_v6/vendor/github.com/jcmturner/goidentity \
		jcmturner:gokrb5:v8.0.0:jcmturner_gokrb5_v8/vendor/github.com/jcmturner/gokrb5 \
		jcmturner:rpc:v2.0.2:jcmturner_rpc_v2/vendor/github.com/jcmturner/rpc \
		jeffchao:backoff:9d7fd7aa17f2:jeffchao_backoff/vendor/github.com/jeffchao/backoff \
		jefferai:isbadcipher:51d2077c035f:jefferai_isbadcipher/vendor/github.com/jefferai/isbadcipher \
		jefferai:jsonx:v1.0.0:jefferai_jsonx/vendor/github.com/jefferai/jsonx \
		jmespath:go-jmespath:c2b33e8439af:jmespath_go_jmespath/vendor/github.com/jmespath/go-jmespath \
		joyent:triton-go:51ffac552869:joyent_triton_go/vendor/github.com/joyent/triton-go \
		json-iterator:go:v1.1.9:json_iterator_go/vendor/github.com/json-iterator/go \
		kelseyhightower:envconfig:v1.3.0:kelseyhightower_envconfig/vendor/github.com/kelseyhightower/envconfig \
		keybase:go-crypto:d65b6b94177f:keybase_go_crypto/vendor/github.com/keybase/go-crypto \
		konsorten:go-windows-terminal-sequences:v1.0.1:konsorten_go_windows_terminal_sequences/vendor/github.com/konsorten/go-windows-terminal-sequences \
		kr:pretty:v0.1.0:kr_pretty/vendor/github.com/kr/pretty \
		kr:text:v0.1.0:kr_text/vendor/github.com/kr/text \
		kubernetes:api:d687e77c8ae9:kubernetes_api/vendor/k8s.io/api \
		kubernetes:apimachinery:760d1845f48b:kubernetes_apimachinery/vendor/k8s.io/apimachinery \
		kubernetes:klog:8e90cee79f82:kubernetes_klog/vendor/k8s.io/klog \
		layeh:radius:890bc1058917:layeh_radius/vendor/layeh.com/radius \
		lib:pq:v1.2.0:lib_pq/vendor/github.com/lib/pq \
		mattn:go-colorable:v0.1.4:mattn_go_colorable/vendor/github.com/mattn/go-colorable \
		mattn:go-isatty:v0.0.10:mattn_go_isatty/vendor/github.com/mattn/go-isatty \
		mattn:go-shellwords:v1.0.5:mattn_go_shellwords/vendor/github.com/mattn/go-shellwords \
		matttproud:golang_protobuf_extensions:v1.0.1:matttproud_golang_protobuf_extensions/vendor/github.com/matttproud/golang_protobuf_extensions \
		mholt:archiver:v3.1.1:mholt_archiver/vendor/github.com/mholt/archiver \
		michaelklishin:rabbit-hole:93d9988f0cd5:michaelklishin_rabbit_hole/vendor/github.com/michaelklishin/rabbit-hole \
		mitchellh:cli:v1.0.0:mitchellh_cli/vendor/github.com/mitchellh/cli \
		mitchellh:copystructure:v1.0.0:mitchellh_copystructure/vendor/github.com/mitchellh/copystructure \
		mitchellh:go-homedir:v1.1.0:mitchellh_go_homedir/vendor/github.com/mitchellh/go-homedir \
		mitchellh:go-testing-interface:v1.0.0:mitchellh_go_testing_interface/vendor/github.com/mitchellh/go-testing-interface \
		mitchellh:hashstructure:v1.0.0:mitchellh_hashstructure/vendor/github.com/mitchellh/hashstructure \
		mitchellh:mapstructure:v1.1.2:mitchellh_mapstructure/vendor/github.com/mitchellh/mapstructure \
		mitchellh:pointerstructure:f252a8fd71c8:mitchellh_pointerstructure/vendor/github.com/mitchellh/pointerstructure \
		mitchellh:reflectwalk:v1.0.1:mitchellh_reflectwalk/vendor/github.com/mitchellh/reflectwalk \
		modern-go:concurrent:bacd9c7ef1dd:modern_go_concurrent/vendor/github.com/modern-go/concurrent \
		modern-go:reflect2:v1.0.1:modern_go_reflect2/vendor/github.com/modern-go/reflect2 \
		mongodb:go-client-mongodb-atlas:v0.1.2:mongodb_go_client_mongodb_atlas/vendor/github.com/mongodb/go-client-mongodb-atlas \
		mongodb:mongo-go-driver:v1.2.1:mongodb_mongo_go_driver/vendor/go.mongodb.org/mongo-driver \
		mwielbut:pointy:v1.1.0:mwielbut_pointy/vendor/github.com/mwielbut/pointy \
		ncw:swift:v1.0.47:ncw_swift/vendor/github.com/ncw/swift \
		nwaples:rardecode:v1.0.0:nwaples_rardecode/vendor/github.com/nwaples/rardecode \
		oklog:run:v1.0.0:oklog_run/vendor/github.com/oklog/run \
		okta:okta-sdk-golang:v1.0.1:okta_okta_sdk_golang/vendor/github.com/okta/okta-sdk-golang \
		opencontainers:go-digest:v1.0.0-rc1:opencontainers_go_digest/vendor/github.com/opencontainers/go-digest \
		opencontainers:image-spec:v1.0.1:opencontainers_image_spec/vendor/github.com/opencontainers/image-spec \
		opencontainers:runc:v0.1.1:opencontainers_runc/vendor/github.com/opencontainers/runc \
		oracle:oci-go-sdk:v12.5.0:oracle_oci_go_sdk/vendor/github.com/oracle/oci-go-sdk \
		ory-am:dockertest:v3.3.4:ory_am_dockertest/vendor/gopkg.in/ory-am/dockertest.v3 \
		ory:dockertest:v3.3.5:ory_dockertest/vendor/github.com/ory/dockertest \
		patrickmn:go-cache:v2.1.0:patrickmn_go_cache/vendor/github.com/patrickmn/go-cache \
		petermattis:goid:b0b1615b78e5:petermattis_goid/vendor/github.com/petermattis/goid \
		pierrec:lz4:v2.2.6:pierrec_lz4/vendor/github.com/pierrec/lz4 \
		pkg:errors:v0.8.1:pkg_errors/vendor/github.com/pkg/errors \
		pmezard:go-difflib:v1.0.0:pmezard_go_difflib/vendor/github.com/pmezard/go-difflib \
		posener:complete:v1.2.1:posener_complete/vendor/github.com/posener/complete \
		pquerna:cachecontrol:1555304b9b35:pquerna_cachecontrol/vendor/github.com/pquerna/cachecontrol \
		pquerna:otp:468c2dd2b58d:pquerna_otp/vendor/github.com/pquerna/otp \
		prometheus:client_golang:v1.4.0:prometheus_client_golang/vendor/github.com/prometheus/client_golang \
		prometheus:client_model:v0.2.0:prometheus_client_model/vendor/github.com/prometheus/client_model \
		prometheus:common:v0.9.1:prometheus_common/vendor/github.com/prometheus/common \
		prometheus:procfs:v0.0.8:prometheus_procfs/vendor/github.com/prometheus/procfs \
		ryanuber:columnize:v2.1.0:ryanuber_columnize/vendor/github.com/ryanuber/columnize \
		ryanuber:go-glob:v1.0.0:ryanuber_go_glob/vendor/github.com/ryanuber/go-glob \
		samuel:go-zookeeper:c4fab1ac1bec:samuel_go_zookeeper/vendor/github.com/samuel/go-zookeeper \
		sasha-s:go-deadlock:v0.2.0:sasha_s_go_deadlock/vendor/github.com/sasha-s/go-deadlock \
		satori:go.uuid:v1.2.0:satori_go_uuid/vendor/github.com/satori/go.uuid \
		shirou:gopsutil:v2.19.9:shirou_gopsutil/vendor/github.com/shirou/gopsutil \
		shirou:w32:bb4de0191aa4:shirou_w32/vendor/github.com/shirou/w32 \
		sirupsen:logrus:v1.4.2:sirupsen_logrus/vendor/github.com/sirupsen/logrus \
		square:go-jose:v2.4.1:square_go_jose/vendor/gopkg.in/square/go-jose.v2 \
		stretchr:testify:v1.4.0:stretchr_testify/vendor/github.com/stretchr/testify \
		tv42:httpunix:b75d8614f926:tv42_httpunix/vendor/github.com/tv42/httpunix \
		uber-go:atomic:v1.4.0:uber_go_atomic/vendor/go.uber.org/atomic \
		uber-go:multierr:v1.1.0:uber_go_multierr/vendor/go.uber.org/multierr \
		uber-go:zap:v1.10.0:uber_go_zap/vendor/go.uber.org/zap \
		ulikunitz:xz:v0.5.6:ulikunitz_xz/vendor/github.com/ulikunitz/xz \
		xdg:scram:7eeb5667e42c:xdg_scram/vendor/github.com/xdg/scram \
		xdg:stringprep:v1.0.0:xdg_stringprep/vendor/github.com/xdg/stringprep \
		xi2:xz:48954b6210f8:xi2_xz/vendor/github.com/xi2/xz

post-extract:
	@${RM} -r ${WRKSRC}/api
	@${RLN} ${WRKSRC_hashicorp_vault_api}/api ${WRKSRC}/api
	@${RM} -r ${WRKSRC}/sdk
	@${RLN} ${WRKSRC_hashicorp_vault_sdk}/sdk ${WRKSRC}/sdk
	@${RM} -r ${WRKSRC}/vendor/github.com/Azure/go-autorest/autorest
	@${RLN} ${WRKSRC_azure_go_autorest_autorest}/autorest ${WRKSRC}/vendor/github.com/Azure/go-autorest/autorest
	@${RM} -r ${WRKSRC}/vendor/github.com/Azure/go-autorest/autorest/adal
	@${RLN} ${WRKSRC_azure_go_autorest_adal}/autorest/adal ${WRKSRC}/vendor/github.com/Azure/go-autorest/autorest/adal
	@${RM} -r ${WRKSRC}/vendor/github.com/Azure/go-autorest/autorest/azure/auth
	@${RLN} ${WRKSRC_azure_go_autorest_auth}/autorest/azure/auth ${WRKSRC}/vendor/github.com/Azure/go-autorest/autorest/azure/auth
	@${RM} -r ${WRKSRC}/vendor/github.com/Azure/go-autorest/autorest/azure/cli
	@${RLN} ${WRKSRC_azure_go_autorest_cli}/autorest/azure/cli ${WRKSRC}/vendor/github.com/Azure/go-autorest/autorest/azure/cli
	@${RM} -r ${WRKSRC}/vendor/github.com/Azure/go-autorest/logger
	@${RLN} ${WRKSRC_azure_go_autorest_logger}/logger ${WRKSRC}/vendor/github.com/Azure/go-autorest/logger
	@${RM} -r ${WRKSRC}/vendor/github.com/Azure/go-autorest/tracing
	@${RLN} ${WRKSRC_azure_go_autorest_tracing}/tracing ${WRKSRC}/vendor/github.com/Azure/go-autorest/tracing
	@${RM} -r ${WRKSRC}/vendor/github.com/hashicorp/go-kms-wrapping/entropy
	@${RLN} ${WRKSRC_hashicorp_go_kms_wrapping_entropy}/entropy ${WRKSRC}/vendor/github.com/hashicorp/go-kms-wrapping/entropy
